[    0.000000] Initializing cgroup subsys cpuset
[    0.000000] Initializing cgroup subsys cpu
[    0.000000] Initializing cgroup subsys cpuacct
[    0.000000] Linux version 4.4.0-210-generic (buildd@lgw01-amd64-009) (gcc version 5.4.0 20160609 (Ubuntu 5.4.0-6ubuntu1~16.04.12) ) #242-Ubuntu SMP Fri Apr 16 09:57:56 UTC 2021 (Ubuntu 4.4.0-210.242-generic 4.4.262)
[    0.000000] Command line: BOOT_IMAGE=/boot/vmlinuz-4.4.0-210-generic root=LABEL=cloudimg-rootfs ro console=tty1 console=ttyS0
[    0.000000] KERNEL supported cpus:
[    0.000000]   Intel GenuineIntel
[    0.000000]   AMD AuthenticAMD
[    0.000000]   Centaur CentaurHauls
[    0.000000] [Firmware Bug]: TSC doesn't count with P0 frequency!
[    0.000000] x86/fpu: xstate_offset[2]:  576, xstate_sizes[2]:  256
[    0.000000] x86/fpu: Supporting XSAVE feature 0x01: 'x87 floating point registers'
[    0.000000] x86/fpu: Supporting XSAVE feature 0x02: 'SSE registers'
[    0.000000] x86/fpu: Supporting XSAVE feature 0x04: 'AVX registers'
[    0.000000] x86/fpu: Enabled xstate features 0x7, context size is 832 bytes, using 'standard' format.
[    0.000000] e820: BIOS-provided physical RAM map:
[    0.000000] BIOS-e820: [mem 0x0000000000000000-0x000000000009fbff] usable
[    0.000000] BIOS-e820: [mem 0x000000000009fc00-0x000000000009ffff] reserved
[    0.000000] BIOS-e820: [mem 0x00000000000f0000-0x00000000000fffff] reserved
[    0.000000] BIOS-e820: [mem 0x0000000000100000-0x000000003ffeffff] usable
[    0.000000] BIOS-e820: [mem 0x000000003fff0000-0x000000003fffffff] ACPI data
[    0.000000] BIOS-e820: [mem 0x00000000fec00000-0x00000000fec00fff] reserved
[    0.000000] BIOS-e820: [mem 0x00000000fee00000-0x00000000fee00fff] reserved
[    0.000000] BIOS-e820: [mem 0x00000000fffc0000-0x00000000ffffffff] reserved
[    0.000000] NX (Execute Disable) protection: active
[    0.000000] SMBIOS 2.5 present.
[    0.000000] Hypervisor detected: KVM
[    0.000000] Kernel/User page tables isolation: disabled
[    0.000000] e820: last_pfn = 0x3fff0 max_arch_pfn = 0x400000000
[    0.000000] MTRR: Disabled
[    0.000000] x86/PAT: MTRRs disabled, skipping PAT initialization too.
[    0.000000] CPU MTRRs all blank - virtualized system.
[    0.000000] x86/PAT: Configuration [0-7]: WB  WT  UC- UC  WB  WT  UC- UC  
[    0.000000] found SMP MP-table at [mem 0x0009fff0-0x0009ffff] mapped at [ffff88000009fff0]
[    0.000000] Scanning 1 areas for low memory corruption
[    0.000000] RAMDISK: [mem 0x362dc000-0x37165fff]
[    0.000000] ACPI: Early table checksum verification disabled
[    0.000000] ACPI: RSDP 0x00000000000E0000 000024 (v02 VBOX  )
[    0.000000] ACPI: XSDT 0x000000003FFF0030 00003C (v01 VBOX   VBOXXSDT 00000001 ASL  00000061)
[    0.000000] ACPI: FACP 0x000000003FFF00F0 0000F4 (v04 VBOX   VBOXFACP 00000001 ASL  00000061)
[    0.000000] ACPI: DSDT 0x000000003FFF0470 002325 (v02 VBOX   VBOXBIOS 00000002 INTL 20100528)
[    0.000000] ACPI: FACS 0x000000003FFF0200 000040
[    0.000000] ACPI: FACS 0x000000003FFF0200 000040
[    0.000000] ACPI: APIC 0x000000003FFF0240 00005C (v02 VBOX   VBOXAPIC 00000001 ASL  00000061)
[    0.000000] ACPI: SSDT 0x000000003FFF02A0 0001CC (v01 VBOX   VBOXCPUT 00000002 INTL 20100528)
[    0.000000] No NUMA configuration found
[    0.000000] Faking a node at [mem 0x0000000000000000-0x000000003ffeffff]
[    0.000000] NODE_DATA(0) allocated [mem 0x3ffeb000-0x3ffeffff]
[    0.000000] kvm-clock: Using msrs 4b564d01 and 4b564d00
[    0.000000] kvm-clock: cpu 0, msr 0:3ffe3001, primary cpu clock
[    0.000000] kvm-clock: using sched offset of 3462402443 cycles
[    0.000000] clocksource: kvm-clock: mask: 0xffffffffffffffff max_cycles: 0x1cd42e4dffb, max_idle_ns: 881590591483 ns
[    0.000000] Zone ranges:
[    0.000000]   DMA      [mem 0x0000000000001000-0x0000000000ffffff]
[    0.000000]   DMA32    [mem 0x0000000001000000-0x000000003ffeffff]
[    0.000000]   Normal   empty
[    0.000000]   Device   empty
[    0.000000] Movable zone start for each node
[    0.000000] Early memory node ranges
[    0.000000]   node   0: [mem 0x0000000000001000-0x000000000009efff]
[    0.000000]   node   0: [mem 0x0000000000100000-0x000000003ffeffff]
[    0.000000] Initmem setup node 0 [mem 0x0000000000001000-0x000000003ffeffff]
[    0.000000] ACPI: PM-Timer IO Port: 0x4008
[    0.000000] IOAPIC[0]: apic_id 2, version 32, address 0xfec00000, GSI 0-23
[    0.000000] ACPI: INT_SRC_OVR (bus 0 bus_irq 0 global_irq 2 dfl dfl)
[    0.000000] ACPI: INT_SRC_OVR (bus 0 bus_irq 9 global_irq 9 low level)
[    0.000000] Using ACPI (MADT) for SMP configuration information
[    0.000000] smpboot: Allowing 2 CPUs, 0 hotplug CPUs
[    0.000000] PM: Registered nosave memory: [mem 0x00000000-0x00000fff]
[    0.000000] PM: Registered nosave memory: [mem 0x0009f000-0x0009ffff]
[    0.000000] PM: Registered nosave memory: [mem 0x000a0000-0x000effff]
[    0.000000] PM: Registered nosave memory: [mem 0x000f0000-0x000fffff]
[    0.000000] e820: [mem 0x40000000-0xfebfffff] available for PCI devices
[    0.000000] Booting paravirtualized kernel on KVM
[    0.000000] clocksource: refined-jiffies: mask: 0xffffffff max_cycles: 0xffffffff, max_idle_ns: 7645519600211568 ns
[    0.000000] setup_percpu: NR_CPUS:512 nr_cpumask_bits:512 nr_cpu_ids:2 nr_node_ids:1
[    0.000000] PERCPU: Embedded 33 pages/cpu @ffff88003fc00000 s95192 r8192 d31784 u1048576
[    0.000000] Built 1 zonelists in Node order, mobility grouping on.  Total pages: 257912
[    0.000000] Policy zone: DMA32
[    0.000000] Kernel command line: BOOT_IMAGE=/boot/vmlinuz-4.4.0-210-generic root=LABEL=cloudimg-rootfs ro console=tty1 console=ttyS0
[    0.000000] PID hash table entries: 4096 (order: 3, 32768 bytes)
[    0.000000] Memory: 997792K/1048120K available (8644K kernel code, 1332K rwdata, 4044K rodata, 1492K init, 1164K bss, 50328K reserved, 0K cma-reserved)
[    0.000000] SLUB: HWalign=64, Order=0-3, MinObjects=0, CPUs=2, Nodes=1
[    0.000000] Hierarchical RCU implementation.
[    0.000000] 	Build-time adjustment of leaf fanout to 64.
[    0.000000] 	RCU restricting CPUs from NR_CPUS=512 to nr_cpu_ids=2.
[    0.000000] RCU: Adjusting geometry for rcu_fanout_leaf=64, nr_cpu_ids=2
[    0.000000] NR_IRQS:33024 nr_irqs:440 16
[    0.000000] Console: colour VGA+ 80x25
[    0.000000] console [tty1] enabled
[    0.000000] console [ttyS0] enabled
[    0.000000] tsc: Detected 2096.062 MHz processor
[    0.141052] Calibrating delay loop (skipped) preset value.. 4192.12 BogoMIPS (lpj=8384248)
[    0.142708] pid_max: default: 32768 minimum: 301
[    0.143480] ACPI: Core revision 20150930
[    0.145205] ACPI: 2 ACPI AML tables successfully acquired and loaded
[    0.146343] Security Framework initialized
[    0.147120] Yama: becoming mindful.
[    0.147833] AppArmor: AppArmor initialized
[    0.148617] Dentry cache hash table entries: 131072 (order: 8, 1048576 bytes)
[    0.149808] Inode-cache hash table entries: 65536 (order: 7, 524288 bytes)
[    0.152402] Mount-cache hash table entries: 2048 (order: 2, 16384 bytes)
[    0.154569] Mountpoint-cache hash table entries: 2048 (order: 2, 16384 bytes)
[    0.156780] Initializing cgroup subsys io
[    0.158011] Initializing cgroup subsys memory
[    0.159291] Initializing cgroup subsys devices
[    0.160520] Initializing cgroup subsys freezer
[    0.161968] Initializing cgroup subsys net_cls
[    0.163111] Initializing cgroup subsys perf_event
[    0.163976] Initializing cgroup subsys net_prio
[    0.164811] Initializing cgroup subsys hugetlb
[    0.165669] Initializing cgroup subsys pids
[    0.178506] mce: CPU supports 0 MCE banks
[    0.179390] Last level iTLB entries: 4KB 1024, 2MB 1024, 4MB 512
[    0.180409] Last level dTLB entries: 4KB 1536, 2MB 1536, 4MB 768, 1GB 0
[    0.181620] Spectre V1 : Mitigation: usercopy/swapgs barriers and __user pointer sanitization
[    0.183057] Spectre V2 : Spectre mitigation: LFENCE not serializing, switching to generic retpoline
[    0.184713] Spectre V2 : Mitigation: Full generic retpoline
[    0.185846] Spectre V2 : Spectre v2 / SpectreRSB mitigation: Filling RSB on context switch
[    0.189821] Freeing SMP alternatives memory: 36K
[    0.196207] ftrace: allocating 32380 entries in 127 pages
[    0.259033] smpboot: APIC(0) Converting physical 0 to logical package 0
[    0.260583] smpboot: Max logical packages: 1
[    0.261595] x2apic enabled
[    0.262434] Switched APIC routing to physical x2apic.
[    0.264418] ..TIMER: vector=0x30 apic1=0 pin1=2 apic2=-1 pin2=-1
[    0.373441] APIC calibration not consistent with PM-Timer: 101ms instead of 100ms
[    0.374983] APIC delta adjusted to PM-Timer: 6278299 (6369838)
[    0.376059] smpboot: CPU0: AMD Ryzen 5 3500U with Radeon Vega Mobile Gfx (family: 0x17, model: 0x18, stepping: 0x1)
[    0.378024] Performance Events: Broken PMU hardware detected, using software events only.
[    0.379530] Failed to access perfctr msr (MSR c0010007 is 0)
[    0.387109] KVM setup paravirtual spinlock
[    0.388786] x86: Booting SMP configuration:
[    0.389554] .... node  #0, CPUs:      #1
[    0.390604] kvm-clock: cpu 1, msr 0:3ffe3041, secondary cpu clock
[    0.404347] mce: CPU supports 0 MCE banks
[    0.406969] x86: Booted up 1 node, 2 CPUs
[    0.408011] smpboot: Total of 2 processors activated (8384.24 BogoMIPS)
[    0.409633] devtmpfs: initialized
[    0.412286] evm: security.selinux
[    0.413231] evm: security.SMACK64
[    0.413984] evm: security.SMACK64EXEC
[    0.414699] evm: security.SMACK64TRANSMUTE
[    0.415438] evm: security.SMACK64MMAP
[    0.416136] evm: security.ima
[    0.417021] evm: security.capability
[    0.419428] clocksource: jiffies: mask: 0xffffffff max_cycles: 0xffffffff, max_idle_ns: 7645041785100000 ns
[    0.421506] futex hash table entries: 512 (order: 3, 32768 bytes)
[    0.422745] pinctrl core: initialized pinctrl subsystem
[    0.424079] RTC time: 13:20:47, date: 05/11/23
[    0.425502] NET: Registered protocol family 16
[    0.437674] cpuidle: using governor ladder
[    0.450482] cpuidle: using governor menu
[    0.451481] PCCT header not found.
[    0.452699] ACPI: bus type PCI registered
[    0.453668] acpiphp: ACPI Hot Plug PCI Controller Driver version: 0.5
[    0.455225] PCI: Using configuration type 1 for base access
[    0.456475] PCI: Using configuration type 1 for extended access
[    0.470987] ACPI: Added _OSI(Module Device)
[    0.472152] ACPI: Added _OSI(Processor Device)
[    0.473257] ACPI: Added _OSI(3.0 _SCP Extensions)
[    0.474427] ACPI: Added _OSI(Processor Aggregator Device)
[    0.476372] ACPI: Executed 1 blocks of module-level executable AML code
[    0.480036] ACPI: Interpreter enabled
[    0.480897] ACPI: (supports S0 S5)
[    0.481734] ACPI: Using IOAPIC for interrupt routing
[    0.482807] PCI: Using host bridge windows from ACPI; if necessary, use "pci=nocrs" and report a bug
[    0.487567] ACPI: PCI Root Bridge [PCI0] (domain 0000 [bus 00-ff])
[    0.488666] acpi PNP0A03:00: _OSC: OS supports [ExtendedConfig ASPM ClockPM Segments MSI]
[    0.490723] acpi PNP0A03:00: _OSC: platform does not support [PCIeCapability]
[    0.492256] acpi PNP0A03:00: _OSC: not requesting control; platform does not support [PCIeCapability]
[    0.493819] acpi PNP0A03:00: _OSC: OS requested [PCIeHotplug PME AER PCIeCapability]
[    0.495132] acpi PNP0A03:00: _OSC: platform willing to grant [PCIeHotplug PME AER]
[    0.496472] acpi PNP0A03:00: _OSC failed (AE_SUPPORT); disabling ASPM
[    0.497798] PCI host bridge to bus 0000:00
[    0.507135] pci_bus 0000:00: root bus resource [io  0x0000-0x0cf7 window]
[    0.508335] pci_bus 0000:00: root bus resource [io  0x0d00-0xffff window]
[    0.509457] pci_bus 0000:00: root bus resource [mem 0x000a0000-0x000bffff window]
[    0.510819] pci_bus 0000:00: root bus resource [mem 0x40000000-0xfdffffff window]
[    0.512444] pci_bus 0000:00: root bus resource [bus 00-ff]
[    0.516739] pci 0000:00:01.1: legacy IDE quirk: reg 0x10: [io  0x01f0-0x01f7]
[    0.518743] pci 0000:00:01.1: legacy IDE quirk: reg 0x14: [io  0x03f6]
[    0.520402] pci 0000:00:01.1: legacy IDE quirk: reg 0x18: [io  0x0170-0x0177]
[    0.522263] pci 0000:00:01.1: legacy IDE quirk: reg 0x1c: [io  0x0376]
[    0.548842] pci 0000:00:07.0: quirk: [io  0x4000-0x403f] claimed by PIIX4 ACPI
[    0.551632] pci 0000:00:07.0: quirk: [io  0x4100-0x410f] claimed by PIIX4 SMB
[    0.570352] ACPI: PCI Interrupt Link [LNKA] (IRQs 5 9 10 *11)
[    0.572160] ACPI: PCI Interrupt Link [LNKB] (IRQs 5 9 *10 11)
[    0.573660] ACPI: PCI Interrupt Link [LNKC] (IRQs 5 *9 10 11)
[    0.575219] ACPI: PCI Interrupt Link [LNKD] (IRQs 5 9 10 *11)
[    0.576686] ACPI: Enabled 2 GPEs in block 00 to 07
[    0.578067] vgaarb: setting as boot device: PCI:0000:00:02.0
[    0.579078] vgaarb: device added: PCI:0000:00:02.0,decodes=io+mem,owns=io+mem,locks=none
[    0.580550] vgaarb: loaded
[    0.581171] vgaarb: bridge control possible 0000:00:02.0
[    0.582332] SCSI subsystem initialized
[    0.583283] ACPI: bus type USB registered
[    0.584676] usbcore: registered new interface driver usbfs
[    0.586153] usbcore: registered new interface driver hub
[    0.587295] usbcore: registered new device driver usb
[    0.588508] PCI: Using ACPI for IRQ routing
[    0.589847] NetLabel: Initializing
[    0.590556] NetLabel:  domain hash size = 128
[    0.591328] NetLabel:  protocols = UNLABELED CIPSOv4
[    0.592302] NetLabel:  unlabeled traffic allowed by default
[    0.593417] amd_nb: Cannot enumerate AMD northbridges
[    0.594416] clocksource: Switched to clocksource kvm-clock
[    0.603030] AppArmor: AppArmor Filesystem Enabled
[    0.604069] pnp: PnP ACPI init
[    0.605367] pnp: PnP ACPI: found 3 devices
[    0.615857] clocksource: acpi_pm: mask: 0xffffff max_cycles: 0xffffff, max_idle_ns: 2085701024 ns
[    0.617393] NET: Registered protocol family 2
[    0.618423] TCP established hash table entries: 8192 (order: 4, 65536 bytes)
[    0.619734] TCP bind hash table entries: 8192 (order: 5, 131072 bytes)
[    0.621705] TCP: Hash tables configured (established 8192 bind 8192)
[    0.623533] UDP hash table entries: 512 (order: 2, 16384 bytes)
[    0.625006] UDP-Lite hash table entries: 512 (order: 2, 16384 bytes)
[    0.626976] NET: Registered protocol family 1
[    0.628430] pci 0000:00:00.0: Limiting direct PCI/PCI transfers
[    0.630098] pci 0000:00:01.0: Activating ISA DMA hang workarounds
[    0.633364] Unpacking initramfs...
[    0.850920] Freeing initrd memory: 14888K
[    0.851868] clocksource: tsc: mask: 0xffffffffffffffff max_cycles: 0x1e36a88731c, max_idle_ns: 440795269020 ns
[    0.853641] platform rtc_cmos: registered platform RTC device (no PNP device found)
[    0.855199] Scanning for low memory corruption every 60 seconds
[    0.856690] audit: initializing netlink subsys (disabled)
[    0.858552] audit: type=2000 audit(1683811253.568:1): initialized
[    0.860615] Initialise system trusted keyring
[    0.862113] HugeTLB registered 2 MB page size, pre-allocated 0 pages
[    0.864803] zbud: loaded
[    0.866378] VFS: Disk quotas dquot_6.6.0
[    0.867319] VFS: Dquot-cache hash table entries: 512 (order 0, 4096 bytes)
[    0.868603] squashfs: version 4.0 (2009/01/31) Phillip Lougher
[    0.869887] fuse init (API version 7.23)
[    0.871485] Key type big_key registered
[    0.872834] Allocating IMA MOK and blacklist keyrings.
[    0.878292] Key type asymmetric registered
[    0.879521] Asymmetric key parser 'x509' registered
[    0.880754] Block layer SCSI generic (bsg) driver version 0.4 loaded (major 249)
[    0.882420] io scheduler noop registered
[    0.883411] io scheduler deadline registered (default)
[    0.884519] io scheduler cfq registered
[    0.885375] pci_hotplug: PCI Hot Plug PCI Core version: 0.5
[    0.886371] pciehp: PCI Express Hot Plug Controller Driver version: 0.4
[    0.888099] ACPI: AC Adapter [AC] (on-line)
[    0.889270] input: Power Button as /devices/LNXSYSTM:00/LNXPWRBN:00/input/input0
[    0.891738] ACPI: Power Button [PWRF]
[    0.892842] input: Sleep Button as /devices/LNXSYSTM:00/LNXSLPBN:00/input/input1
[    0.894714] ACPI: Sleep Button [SLPF]
[    0.895793] GHES: HEST is not enabled!
[    0.896325] ACPI: Battery Slot [BAT0] (battery present)
[    0.898730] Serial: 8250/16550 driver, 32 ports, IRQ sharing enabled
[    0.920578] 00:02: ttyS0 at I/O 0x3f8 (irq = 4, base_baud = 115200) is a 16550A
[    0.924599] Linux agpgart interface v0.103
[    0.927590] loop: module loaded
[    0.929464] scsi host0: ata_piix
[    0.930921] scsi host1: ata_piix
[    0.932086] ata1: PATA max UDMA/33 cmd 0x1f0 ctl 0x3f6 bmdma 0xd000 irq 14
[    0.933436] ata2: PATA max UDMA/33 cmd 0x170 ctl 0x376 bmdma 0xd008 irq 15
[    0.934812] libphy: Fixed MDIO Bus: probed
[    0.935530] tun: Universal TUN/TAP device driver, 1.6
[    0.936417] tun: (C) 1999-2004 Max Krasnyansky <maxk@qualcomm.com>
[    0.937557] PPP generic driver version 2.4.2
[    0.938462] ehci_hcd: USB 2.0 'Enhanced' Host Controller (EHCI) Driver
[    0.939512] ehci-pci: EHCI PCI platform driver
[    0.940390] ehci-platform: EHCI generic platform driver
[    0.941396] ohci_hcd: USB 1.1 'Open' Host Controller (OHCI) Driver
[    0.942452] ohci-pci: OHCI PCI platform driver
[    0.943286] ohci-platform: OHCI generic platform driver
[    0.944311] uhci_hcd: USB Universal Host Controller Interface driver
[    0.945597] i8042: PNP: PS/2 Controller [PNP0303:PS2K,PNP0f03:PS2M] at 0x60,0x64 irq 1,12
[    0.947469] serio: i8042 KBD port at 0x60,0x64 irq 1
[    0.948324] serio: i8042 AUX port at 0x60,0x64 irq 12
[    0.949416] mousedev: PS/2 mouse device common for all mice
[    0.950774] input: AT Translated Set 2 keyboard as /devices/platform/i8042/serio0/input/input2
[    0.952855] rtc_cmos rtc_cmos: rtc core: registered rtc_cmos as rtc0
[    0.953993] rtc_cmos rtc_cmos: alarms up to one day, 114 bytes nvram
[    0.955139] i2c /dev entries driver
[    0.955897] device-mapper: uevent: version 1.0.3
[    0.956848] device-mapper: ioctl: 4.34.0-ioctl (2015-10-28) initialised: dm-devel@redhat.com
[    0.958418] ledtrig-cpu: registered to indicate activity on CPUs
[    0.959910] NET: Registered protocol family 10
[    0.961277] NET: Registered protocol family 17
[    0.962324] Key type dns_resolver registered
[    0.963717] registered taskstats version 1
[    0.964712] Loading compiled-in X.509 certificates
[    0.966258] Loaded X.509 cert 'Build time autogenerated kernel key: cf00e047681d67edb2720680708b7d9498083038'
[    0.967945] zswap: loaded using pool lzo/zbud
[    0.970586] Key type trusted registered
[    0.974689] Key type encrypted registered
[    0.975660] AppArmor: AppArmor sha1 policy hashing enabled
[    0.976661] ima: No TPM chip found, activating TPM-bypass!
[    0.977620] ima: Allocated hash algorithm: sha1
[    0.978449] evm: HMAC attrs: 0x1
[    0.979417]   Magic number: 7:469:331
[    0.980295] tty tty52: hash matches
[    0.981196] rtc_cmos rtc_cmos: setting system clock to 2023-05-11 13:20:48 UTC (1683811248)
[    0.983076] BIOS EDD facility v0.16 2004-Jun-25, 0 devices found
[    0.984524] EDD information not available.
[    1.115931] Freeing unused kernel memory: 1492K
[    1.117223] Write protecting the kernel read-only data: 14336k
[    1.119255] Freeing unused kernel memory: 1584K
[    1.120600] Freeing unused kernel memory: 52K
Loading, please wait...
starting version 229
[    1.136438] random: systemd-udevd: uninitialized urandom read (16 bytes read, 3 bits of entropy available)
[    1.136868] random: udevadm: uninitialized urandom read (16 bytes read, 3 bits of entropy available)
[    1.136896] random: udevadm: uninitialized urandom read (16 bytes read, 3 bits of entropy available)
[    1.144159] random: systemd-udevd: uninitialized urandom read (16 bytes read, 3 bits of entropy available)
[    1.145970] random: systemd-udevd: uninitialized urandom read (16 bytes read, 3 bits of entropy available)
[    1.146787] random: udevadm: uninitialized urandom read (16 bytes read, 3 bits of entropy available)
[    1.146835] random: udevadm: uninitialized urandom read (16 bytes read, 3 bits of entropy available)
[    1.146993] random: udevadm: uninitialized urandom read (16 bytes read, 3 bits of entropy available)
[    1.147043] random: udevadm: uninitialized urandom read (16 bytes read, 3 bits of entropy available)
[    1.147096] random: udevadm: uninitialized urandom read (16 bytes read, 3 bits of entropy available)
[    1.188221] e1000: Intel(R) PRO/1000 Network Driver - version 7.3.21-k8-NAPI
[    1.189494] e1000: Copyright (c) 1999-2006 Intel Corporation.
[    1.193431] Fusion MPT base driver 3.04.20
[    1.194295] Copyright (c) 1999-2008 LSI Corporation
[    1.203523] Fusion MPT SPI Host driver 3.04.20
[    1.224519] AVX2 version of gcm_enc/dec engaged.
[    1.225441] AES CTR mode by8 optimization enabled
[    1.400915] input: ImExPS/2 Generic Explorer Mouse as /devices/platform/i8042/serio1/input/input4
[    1.561608] e1000 0000:00:03.0 eth0: (PCI:33MHz:32-bit) 02:be:82:6b:cc:1d
[    1.562732] e1000 0000:00:03.0 eth0: Intel(R) PRO/1000 Network Connection
[    1.564475] mptbase: ioc0: Initiating bringup
[    1.627240] ioc0: LSI53C1030 A0: Capabilities={Initiator}
[    1.788341] scsi host2: ioc0: LSI53C1030 A0, FwRev=00000000h, Ports=1, MaxQ=256, IRQ=20
[    1.910778] scsi 2:0:0:0: Direct-Access     VBOX     HARDDISK         1.0  PQ: 0 ANSI: 5
[    1.923764] scsi target2:0:0: Beginning Domain Validation
[    1.925602] scsi target2:0:0: Domain Validation skipping write tests
[    1.926678] scsi target2:0:0: Ending Domain Validation
[    1.927610] scsi target2:0:0: asynchronous
[    1.928740] scsi 2:0:1:0: Direct-Access     VBOX     HARDDISK         1.0  PQ: 0 ANSI: 5
[    1.930263] scsi target2:0:1: Beginning Domain Validation
[    1.931884] scsi target2:0:1: Domain Validation skipping write tests
[    1.932906] scsi target2:0:1: Ending Domain Validation
[    1.934050] scsi target2:0:1: asynchronous
[    1.948303] sd 2:0:0:0: Attached scsi generic sg0 type 0
[    1.950125] sd 2:0:0:0: [sda] 83886080 512-byte logical blocks: (42.9 GB/40.0 GiB)
[    1.952813] sd 2:0:1:0: [sdb] 20480 512-byte logical blocks: (10.5 MB/10.0 MiB)
[    1.955018] sd 2:0:1:0: Attached scsi generic sg1 type 0
[    1.956818] sd 2:0:1:0: [sdb] Write Protect is off
[    1.958695] sd 2:0:0:0: [sda] Write Protect is off
[    1.960348] sd 2:0:1:0: [sdb] Incomplete mode parameter data
[    1.961486] sd 2:0:1:0: [sdb] Assuming drive cache: write through
[    1.962645] sd 2:0:0:0: [sda] Incomplete mode parameter data
[    1.963724] sd 2:0:0:0: [sda] Assuming drive cache: write through
[    1.966779]  sda: sda1
[    1.968316] sd 2:0:1:0: [sdb] Attached SCSI disk
[    1.969487] sd 2:0:0:0: [sda] Attached SCSI disk
[    2.528098] e1000 0000:00:08.0 eth1: (PCI:33MHz:32-bit) 08:00:27:5b:6f:93
[    2.529274] e1000 0000:00:08.0 eth1: Intel(R) PRO/1000 Network Connection
[    2.541455] e1000 0000:00:08.0 enp0s8: renamed from eth1
[    2.555104] e1000 0000:00:03.0 enp0s3: renamed from eth0
Begin: Loading essential drivers ... [    3.939909] md: linear personality registered for level -1
[    3.942982] md: multipath personality registered for level -4
[    3.946021] md: raid0 personality registered for level 0
[    3.950198] md: raid1 personality registered for level 1
[    4.023179] raid6: sse2x1   gen()  7710 MB/s
[    4.090745] raid6: sse2x1   xor()  6770 MB/s
[    4.159316] raid6: sse2x2   gen() 15232 MB/s
[    4.226905] raid6: sse2x2   xor()  9328 MB/s
[    4.294496] raid6: sse2x4   gen() 15345 MB/s
[    4.364062] raid6: sse2x4   xor()  8583 MB/s
[    4.430698] raid6: avx2x1   gen() 13274 MB/s
[    4.500199] raid6: avx2x2   gen() 17541 MB/s
[    4.566817] raid6: avx2x4   gen() 19653 MB/s
[    4.568592] raid6: using algorithm avx2x4 gen() 19653 MB/s
[    4.570309] raid6: using avx2x2 recovery algorithm
[    4.573739] xor: automatically using best checksumming function:
[    4.614835]    avx       : 12849.000 MB/sec
[    4.616731] async_tx: api initialized (async)
[    4.630607] md: raid6 personality registered for level 6
[    4.632030] md: raid5 personality registered for level 5
[    4.632940] md: raid4 personality registered for level 4
[    4.640798] md: raid10 personality registered for level 10
done.
Begin: Running /scripts/init-premount ... done.
Begin: Mounting root file system ... Begin: Running /scripts/local-top ... done.
Begin: Running /scripts/local-premount ... [    4.668967] Btrfs loaded
Scanning for Btrfs filesystems
done.
Warning: fsck not present, so skipping root file system
[    4.702616] EXT4-fs (sda1): mounted filesystem with ordered data mode. Opts: (null)
done.
Begin: Running /scripts/local-bottom ... done.
Begin: Running /scripts/init-bottom ... done.
[    4.798278] systemd[1]: systemd 229 running in system mode. (+PAM +AUDIT +SELINUX +IMA +APPARMOR +SMACK +SYSVINIT +UTMP +LIBCRYPTSETUP +GCRYPT +GNUTLS +ACL +XZ -LZ4 +SECCOMP +BLKID +ELFUTILS +KMOD -IDN)
[    4.801435] systemd[1]: Detected virtualization oracle.
[    4.802434] systemd[1]: Detected architecture x86-64.

Welcome to [1mUbuntu 16.04.7 LTS[0m!

[    4.806695] systemd[1]: Set hostname to <ubuntu>.
[    4.809545] systemd[1]: Initializing machine ID from random generator.
[    4.810688] systemd[1]: Installed transient /etc/machine-id file.
[    4.923830] systemd[1]: Listening on LVM2 metadata daemon socket.
[[0;32m  OK  [0m] Listening on LVM2 metadata daemon socket.
[    4.925802] systemd[1]: Listening on Syslog Socket.
[[0;32m  OK  [0m] Listening on Syslog Socket.
[    4.927368] systemd[1]: Started Forward Password Requests to Wall Directory Watch.
[[0;32m  OK  [0m] Started Forward Password Requests to Wall Directory Watch.
[    4.929741] systemd[1]: Listening on Journal Socket (/dev/log).
[[0;32m  OK  [0m] Listening on Journal Socket (/dev/log).
[    4.933555] systemd[1]: Created slice User and Session Slice.
[[0;32m  OK  [0m] Created slice User and Session Slice.
[    4.936322] systemd[1]: Listening on fsck to fsckd communication Socket.
[[0;32m  OK  [0m] Listening on fsck to fsckd communication Socket.
[    4.938212] systemd[1]: Reached target System Time Synchronized.
[[0;32m  OK  [0m] Reached target System Time Synchronized.
[    4.940162] systemd[1]: Set up automount Arbitrary Executable File Formats File System Automount Point.
[[0;32m  OK  [0m] Set up automount Arbitrary Executab...ats File System Automount Point.
[    4.944893] systemd[1]: Created slice System Slice.
[[0;32m  OK  [0m] Created slice System Slice.
[    4.946776] systemd[1]: Listening on udev Kernel Socket.
[[0;32m  OK  [0m] Listening on udev Kernel Socket.
[    4.948526] systemd[1]: Listening on /dev/initctl Compatibility Named Pipe.
[[0;32m  OK  [0m] Listening on /dev/initctl Compatibility Named Pipe.
[    4.950652] systemd[1]: Reached target Encrypted Volumes.
[[0;32m  OK  [0m] Reached target Encrypted Volumes.
[    4.954171] systemd[1]: Listening on LVM2 poll daemon socket.
[[0;32m  OK  [0m] Listening on LVM2 poll daemon socket.
[    4.957599] systemd[1]: Created slice system-serial\x2dgetty.slice.
[[0;32m  OK  [0m] Created slice system-serial\x2dgetty.slice.
[    4.960782] systemd[1]: Listening on Device-mapper event daemon FIFOs.
[[0;32m  OK  [0m] Listening on Device-mapper event daemon FIFOs.
[    4.964692] systemd[1]: Started Trigger resolvconf update for networkd DNS.
[[0;32m  OK  [0m] Started Trigger resolvconf update for networkd DNS.
[    4.968313] systemd[1]: Reached target Slices.
[[0;32m  OK  [0m] Reached target Slices.
[    4.970772] systemd[1]: Reached target Swap.
[[0;32m  OK  [0m] Reached target Swap.
[    4.972918] systemd[1]: Listening on Journal Socket.
[[0;32m  OK  [0m] Listening on Journal Socket.
[    4.986932] systemd[1]: Starting Nameserver information manager...
         Starting Nameserver information manager...
[    4.989970] systemd[1]: Starting Create list of required static device nodes for the current kernel...
         Starting Create list of required st... nodes for the current kernel...
[    4.999404] systemd[1]: Starting Uncomplicated firewall...
         Starting Uncomplicated firewall...
[    5.001684] systemd[1]: Mounting Huge Pages File System...
         Mounting Huge Pages File System...
[    5.005619] systemd[1]: Starting Set console keymap...
         Starting Set console keymap...
[    5.008394] systemd[1]: Mounting POSIX Message Queue File System...
         Mounting POSIX Message Queue File System...
[    5.010883] systemd[1]: Starting File System Check on Root Device...
         Starting File System Check on Root Device...
[    5.015337] systemd[1]: Mounting Debug File System...
         Mounting Debug File System...
[    5.022797] systemd[1]: Reached target User and Group Name Lookups.
[[0;32m  OK  [0m] Reached targ[    5.025253] systemd[1]: Listening on udev Control Socket.
et User and Group Name Lookups.
[[0;32m  OK  [0m] Listening on udev Control Socket.
[    5.027778] systemd[1]: Listening on Journal Audit Socket.
[[0;32m  OK  [0m] Listening on Journal Audit Socket.
[    5.030267] systemd[1]: Starting Journal Service...
         Starting Journal Service...
[    5.033852] systemd[1]: Starting Load Kernel Modules...
         Starting Load Kernel Modules...
[    5.036261] systemd[1]: Starting Monitoring of LVM2 mirrors, snapshots etc. using dmeventd or progress polling...
         Starting Monitoring of LVM2 mirrors... dmeventd or progress polling...
[    5.044204] systemd[1]: Mounted Huge Pages File System.
[[0;32m  OK  [0m] Mounted Huge Pages File System.
[    5.046060] systemd[1]: Mounted POSIX Message Queue File System.
[[0;32m  OK  [0m] Mounted POSIX Message Queue File System.
[    5.049663] systemd[1]: Mounted Debug File System.
[[0;32m  OK  [0m] Mounted Debug File System.
[    5.054815] systemd[1]: Started Create list of required static device nodes for the current kernel.
[[0;32m  OK  [0m] Started Create list of required sta...ce nodes for the current kernel.
[    5.061404] systemd[1]: Started Uncomplicated firewall.
[[0;32m  OK  [0m] Started Uncomplicated firewall.
[    5.065583] systemd[1]: Started File System Check on Root Device.
[[0;32m  OK  [0m] Started File System Check on Root Device.
[    5.077180] Loading iSCSI transport class v2.0-870.
[    5.084133] systemd[1]: Started Nameserver information manager.
[[0;32m  OK  [0m] Started Nameserver information manager.
[    5.089157] systemd[1]: Started Set console keymap.
[[0;32m  OK  [0m] Started Set console keymap.
[    5.096351] iscsi: registered transport (tcp)
[    5.100242] systemd[1]: Started Journal Service.
[[0;32m  OK  [0m] Started Journal Service.
[[0;32m  OK  [0m] Started LVM2 metadata daemon.
[[0;32m  OK  [0m] Started File System Check Daemon to report status.
         Starting Remount Root and Kernel File Systems...
         Starting Create Static Device Nodes in /dev...
[    5.117205] EXT4-fs (sda1): re-mounted. Opts: (null)
[[0;32m  OK  [0m] Started Remount Root and Kernel File Systems.
         Starting Load/Save Random Seed...
         Starting Flush Journal to Persistent Storage...
         Starting udev Coldplug all Devices...
[[0;32m  OK  [0m] Started Load/Save Random Seed.
[    5.135224] systemd-journald[398]: Received request to flush runtime journal from PID 1
[[0;32m  OK  [0m] Started Flush Journal to Persistent Storage.
[[0;32m  OK  [0m] Started Create Static Device Nodes in /dev.
         Starting udev Kernel Device Manager...
[[0;32m  OK  [0m] Started udev Coldplug all Devices.
   5.185924] iscsi: registered transport (iser)
[[0;32m  OK  [0m] Started udev Kernel Device Manager.
[[0;32m  OK  [0m] Started Dispatch Password Requests to Console Directory Watch.
[[0;32m  OK  [0m] Started Load Kernel Modules.
         Mounting FUSE Control File System...
         Starting Apply Kernel Variables...
[[0;32m  OK  [0m] Mounted FUSE Control File System.
[[0;32m  OK  [0m] Started Apply Kernel Variables.
[[0;32m  OK  [0m] Found device /dev/ttyS0.
[[0;32m  OK  [0m] Listening on Load/Save RF Kill Switch Status /dev/rfkill Watch.
[[0;32m  OK  [0m] Started Monitoring of LVM2 mirrors,...ng dmeventd or progress polling.
[[0;32m  OK  [0m] Reached target Local File Systems (Pre).
[[0;32m  OK  [0m] Reached target Local File Systems.
         Starting Create Volatile Files and Directories...
         Starting Tell Plymouth To Write Out Runtime Data...
         Starting LSB: AppArmor initialization...
         Starting Commit a transient machine-id on disk...
         Starting Initial cloud-init job (pre-networking)...
         Starting Set console font and keymap...
[[0;32m  OK  [0m] Started Create Volatile Files and Directories.
[[0;32m  OK  [0m] Started Tell Plymouth To Write Out Runtime Data.
[[0;32m  OK  [0m] Started Commit a transient machine-id on disk.
         Starting Update UTMP about System Boot/Shutdown...
[[0;32m  OK  [0m] Started Update UTMP about System Boot/Shutdown.
[[0;32m  OK  [0m] Started Set console font and keymap.
[[0;32m  OK  [0m] Created slice system-getty.slice.
[    7.204486] cloud-init[632]: Cloud-init v. 21.1-19-gbad84ad4-0ubuntu1~16.04.2 running 'init-local' at Thu, 11 May 2023 13:20:54 +0000. Up 6.58 seconds.
[[0;32m  OK  [0m] Started LSB: AppArmor initialization.
[[0;32m  OK  [0m] Started Initial cloud-init job (pre-networking).
[[0;32m  OK  [0m] Reached target Network (Pre).
         Starting Raise network interfaces...
         Starting Load AppArmor profiles managed internally by snapd...
[[0;32m  OK  [0m] Started Load AppArmor profiles managed internally by snapd.
[[0;32m  OK  [0m] Started Raise network interfaces.
[[0;32m  OK  [0m] Reached target Network.
         Starting Initial cloud-init job (metadata service crawler)...
[    9.098733] cloud-init[969]: Cloud-init v. 21.1-19-gbad84ad4-0ubuntu1~16.04.2 running 'init' at Thu, 11 May 2023 13:20:55 +0000. Up 8.04 seconds.
[    9.101208] cloud-init[969]: ci-info: ++++++++++++++++++++++++++++++++++++++Net device info+++++++++++++++++++++++++++++++++++++++
[    9.103734] cloud-init[969]: ci-info: +--------+-------+----------------------------+---------------+--------+-------------------+
[    9.106557] cloud-init[969]: ci-info: | Device |   Up  |          Address           |      Mask     | Scope  |     Hw-Address    |
[    9.108833] cloud-init[969]: ci-info: +--------+-------+----------------------------+---------------+--------+-------------------+
[    9.111043] cloud-init[969]: ci-info: | enp0s3 |  True |         10.0.2.15          | 255.255.255.0 | global | 02:be:82:6b:cc:1d |
[    9.113629] cloud-init[969]: ci-info: | enp0s3 |  True | fe80::be:82ff:fe6b:cc1d/64 |       .       |  link  | 02:be:82:6b:cc:1d |
[    9.121439] cloud-init[969]: ci-info: | enp0s8 | False |             .              |       .       |   .    | 08:00:27:5b:6f:93 |
[    9.123640] cloud-init[969]: ci-info: |   lo   |  True |         127.0.0.1          |   255.0.0.0   |  host  |         .         |
[    9.126185] cloud-init[969]: ci-info: |   lo   |  True |          ::1/128           |       .       |  host  |         .         |
[    9.128502] cloud-init[969]: ci-info: +--------+-------+----------------------------+---------------+--------+-------------------+
[    9.130915] cloud-init[969]: ci-info: +++++++++++++++++++++++++++Route IPv4 info++++++++++++++++++++++++++++
[    9.145375] cloud-init[969]: ci-info: +-------+-------------+----------+---------------+-----------+-------+
[    9.147689] cloud-init[969]: ci-info: | Route | Destination | Gateway  |    Genmask    | Interface | Flags |
[    9.149783] cloud-init[969]: ci-info: +-------+-------------+----------+---------------+-----------+-------+
[    9.156793] cloud-init[969]: ci-info: |   0   |   0.0.0.0   | 10.0.2.2 |    0.0.0.0    |   enp0s3  |   UG  |
[    9.158846] cloud-init[969]: ci-info: |   1   |   10.0.2.0  | 0.0.0.0  | 255.255.255.0 |   enp0s3  |   U   |
[    9.160899] cloud-init[969]: ci-info: +-------+-------------+----------+---------------+-----------+-------+
[    9.162913] cloud-init[969]: ci-info: +++++++++++++++++++Route IPv6 info+++++++++++++++++++
[    9.164665] cloud-init[969]: ci-info: +-------+-------------+---------+-----------+-------+
[    9.166647] cloud-init[969]: ci-info: | Route | Destination | Gateway | Interface | Flags |
[    9.168574] cloud-init[969]: ci-info: +-------+-------------+---------+-----------+-------+
[    9.170224] cloud-init[969]: ci-info: |   0   |  fe80::/64  |    ::   |   enp0s3  |   U   |
[    9.172051] cloud-init[969]: ci-info: |   3   |   ff00::/8  |    ::   |   enp0s3  |   U   |
[    9.173957] cloud-init[969]: ci-info: +-------+-------------+---------+-----------+-------+
[    9.175757] cloud-init[969]: Generating public/private rsa key pair.
[    9.177322] cloud-init[969]: Your identification has been saved in /etc/ssh/ssh_host_rsa_key.
[    9.179152] cloud-init[969]: Your public key has been saved in /etc/ssh/ssh_host_rsa_key.pub.
[    9.180984] cloud-init[969]: The key fingerprint is:
[    9.182219] cloud-init[969]: SHA256:LMAP11AWTg3B5WSNiUu//GV2yDcTLHHptMMx6wvzeek root@ubuntu-xenial
[    9.184258] cloud-init[969]: The key's randomart image is:
[    9.185767] cloud-init[969]: +---[RSA 2048]----+
[    9.187042] cloud-init[969]: |      .oBB++    .|
[    9.193045] cloud-init[969]: |   .   *+++ .. * |
[    9.194150] cloud-init[969]: |    + ..oo.   B =|
[    9.200841] cloud-init[969]: |     = .. .  . O |
[    9.202040] cloud-init[969]: |      o S. . .o.o|
[    9.203406] cloud-init[969]: |       .  o  o*+o|
[    9.204650] cloud-init[969]: |           . ++o*|
[    9.205972] cloud-init[969]: |            .  =.|
[    9.207390] cloud-init[969]: |              .E.|
[    9.208563] cloud-init[969]: +----[SHA256]-----+
[    9.221562] cloud-init[969]: Generating public/private dsa key pair.
[    9.223116] cloud-init[969]: Your identification has been saved in /etc/ssh/ssh_host_dsa_key.
[    9.225039] cloud-init[969]: Your public key has been saved in /etc/ssh/ssh_host_dsa_key.pub.
[    9.226826] cloud-init[969]: The key fingerprint is:
[    9.228231] cloud-init[969]: SHA256:G1rtTt2YG159uZLRHG1F4Rrmn1b/OIyoxYiwHoWcXC4 root@ubuntu-xenial
[    9.230109] cloud-init[969]: The key's randomart image is:
[    9.231875] cloud-init[969]: +---[DSA 1024]----+
[    9.233238] cloud-init[969]: |               oo|
[    9.234573] cloud-init[969]: |              . .|
[    9.236016] cloud-init[969]: |      .      o .o|
[    9.237293] cloud-init[969]: |   o =   .  o o.o|
[    9.238619] cloud-init[969]: |    E o S .  oo.o|
[    9.239909] cloud-init[969]: |     = + * . =.+=|
[    9.241246] cloud-init[969]: |    o o o =.=o==+|
[    9.253836] [[0;32m  OK  [0m] Started Initial cloud-init job (metadata service crawler).
cloud-init[969]: |   . .   +...*+.+|
[[0;32m  OK  [0m] Reached target System Initialization.
[    9.258158] [[0;32m  OK  [0m] Listening on ACPID Listen Socket.
[[0;32m  OK  [0m] Started Ubuntu Advantage update messaging.
[[0;32m  OK  [0m] Listening on UUID daemon activation socket.
[[0;32m  OK  [0m] Listening on D-Bus System Message Bus Socket.
[[0;32m  OK  [0m] Started Message of the Day.
cloud-init[969]: |    .   ... o oo.|
[    9.265266] cloud-init[969]: +----[SHA256]-----+
[    9.266563] cloud-init[969]: Generating public/private ecdsa key pair.
[    9.268191] cloud-init[969]: Your identification has been saved in /etc/ssh/ssh_host_ecdsa_key.
[    9.268453] cloud-init[969]: Your public key has been saved in /etc/ssh/ssh_host_ecdsa_key.pub.
[    9.270449] cloud-init[969]: The key fingerprint is:
         Starting LXD - unix socket.[    9.272538] cloud-init[969]: SHA256:0RZ/yGnGtPs4Bw3jQjcTP7NHtv118pNt8p0nFCzXCf4 root@ubuntu-xenial
[    9.273233] cloud-init[969]: The key's randomart image is:
[    9.275326] cloud-init[969]: +---[ECDSA 256]---+
[    9.275640] cloud-init[969]: |          . o    |
[    9.276600] cloud-init[969]: |         . * B   |
[    9.277336] cloud-init[969]: |        . + ^.*.+|
[    9.278051] cloud-init[969]: |         + =.X+B+|
[    9.278575] cloud-init[969]: |        S . +o=o=|

[    9.279828] cloud-init[969]: |           . +.E*|
[    9.280851] cloud-init[969]: |            o.+o=|
[    9.281487] cloud-init[969]: |             o.+=|
[    9.282456] cloud-init[969]: |               o+|
[    9.282903] cloud-init[969]: +----[SHA256]-----+
[    9.283795] cloud-init[969]: Generating public/private ed25519 key pair.
[    9.284224] cloud-init[969]: Your identification has been saved in /etc/ssh/ssh_host_ed25519_key.
[    9.285378] cloud-init[969]: Your public key has been saved in /etc/ssh/ssh_host_ed25519_key.pub.
[    9.287158] cloud-init[969]: The key fingerprint is:
[    9.288286] cloud-init[969]: SHA256:FQDBOHJH6e3mGMGRfL26rrq8yy3wms2blZjXH07gDOw root@ubuntu-xenial
[    9.289170] cloud-init[969]: The key's randomart image is:
[    9.290397] cloud-init[969]: +--[ED25519 256]--+
[    9.291370] cloud-init[969]: |     =+=.o.      |
[    9.291480] cloud-init[969]: |  . + B . ..     |
[    9.292161] cloud-init[969]: |   o = +  ..     |
[    9.293199] cloud-init[969]: |     .+ ...      |
[    9.293842] cloud-init[969]: |      ooS.       |
[    9.296647] cloud-init[969]: |  .  +.*+.       |
[    9.296769] cloud-init[969]: |   oo E=+.o      |
[    9.297629] cloud-init[969]: |   *o=. o+ .     |
[    9.298130] cloud-init[969]: |  o.%Boo. o      |
[    9.299061] cloud-init[969]: +----[SHA256]-----+
         Starting Socket activation for snappy daemon.
[[0;32m  OK  [0m] Started Daily apt download activities.
[[0;32m  OK  [0m] Started Daily apt upgrade and clean activities.
[[0;32m  OK  [0m] Started Daily Cleanup of Temporary Directories.
[[0;32m  OK  [0m] Reached target Timers.
[[0;32m  OK  [0m] Started ACPI Events Check.
[[0;32m  OK  [0m] Reached target Paths.
[[0;32m  OK  [0m] Reached target Network is Online.
         Starting iSCSI initiator daemon (iscsid)...
[[0;32m  OK  [0m] Reached target Cloud-config availability.
[[0;32m  OK  [0m] Listening on LXD - unix socket.
[[0;32m  OK  [0m] Listening on Socket activation for snappy daemon.
[[0;32m  OK  [0m] Reached target Sockets.
[[0;32m  OK  [0m] Reached target Basic System.
         Starting Accounts Service...
[[0;32m  OK  [0m] Started Regular background program processing daemon.
[[0;32m  OK  [0m] Started Deferred execution scheduler.
         Starting Virtualbox guest utils...
         Starting LSB: MD monitoring daemon...
[[0;32m  OK  [0m] Started FUSE filesystem for LXC.
         Starting Pollinate to seed the pseudo random number generator...
         Starting Login Service...
         Starting System Logging Service...
[[0;32m  OK  [0m] Started ACPI event daemon.
         Starting LXD - container startup/shutdown...
         Starting LSB: Record successful boot for GRUB...
         Starting /etc/rc.local Compatibility...
         Starting Snap Daemon...
[[0;32m  OK  [0m] Started D-Bus System Message Bus.
[[0;32m  OK  [0m] Started System Logging Service.
[[0;32m  OK  [0m] Started /etc/rc.local Compatibility.
[[0;32m  OK  [0m] Started iSCSI initiator daemon (iscsid).
[[0;32m  OK  [0m] Started Login Service.
[[0;32m  OK  [0m] Started Unattended Upgrades Shutdown.
         Starting Authenticate and Authorize Users to Run Privileged Tasks...
         Starting Login to default iSCSI targets...
[[0;32m  OK  [0m] Started LSB: MD monitoring daemon.
[[0;32m  OK  [0m] Started LSB: Record successful boot for GRUB.
[[0;32m  OK  [0m] Started LXD - container startup/shutdown.
[[0;32m  OK  [0m] Started Login to default iSCSI targets.
[[0;32m  OK  [0m] Reached target Remote File Systems (Pre).
[[0;32m  OK  [0m] Reached target Remote File Systems.
         Starting LSB: daemon to balance interrupts for SMP systems...
         Starting LSB: automatic crash report generation...
         Starting LSB: Set the CPU Frequency Scaling governor to "ondemand"...
         Starting Permit User Sessions...
[[0;32m  OK  [0m] Started Permit User Sessions.
[[0;32m  OK  [0m] Started Authenticate and Authorize Users to Run Privileged Tasks.
[[0;32m  OK  [0m] Started Accounts Service.
         Starting Terminate Plymouth Boot Screen...
         Starting Hold until boot process finishes up...
[[0;32m  OK  [0m] Started Terminate Plymouth Boot Screen.
[[0;32m  OK  [0m] Started Hold until boot process finishes up.
[[0;32m  OK  [0m] Started Getty on tty1.
[[0;32m  OK  [0m] Started Serial Getty on ttyS0.
[[0;32m  OK  [0m] Reached target Login Prompts.
         Starting Set console scheme...
[[0;32m  OK  [0m] Started LSB: daemon to balance interrupts for SMP systems.
[[0;32m  OK  [0m] Started LSB: automatic crash report generation.
[[0;32m  OK  [0m] Started Set console scheme.
[[0;32m  OK  [0m] Started Virtualbox guest utils.
[[0;32m  OK  [0m] Started LSB: Set the CPU Frequency Scaling governor to "ondemand".
[[0;32m  OK  [0m] Started Snap Daemon.
         Starting Wait until snapd is fully seeded...
[[0;32m  OK  [0m] Started Pollinate to seed the pseudo random number generator.
         Starting OpenBSD Secure Shell server...
[[0;32m  OK  [0m] Started OpenBSD Secure Shell server.
[[0;32m  OK  [0m] Started Wait until snapd is fully seeded.
[[0;32m  OK  [0m] Reached target Multi-User System.
[[0;32m  OK  [0m] Reached target Graphical Interface.
         Starting Update UTMP about System Runlevel Changes...
         Starting Apply the settings specified in cloud-config...
[[0;32m  OK  [0m] Started Update UTMP about System Runlevel Changes.
[   11.619746] cloud-init[1321]: Generating locales (this might take a while)...
[   12.584164] cloud-init[1321]:   en_US.UTF-8... done
[   12.585677] cloud-init[1321]: Generation complete.
[   13.009219] cloud-init[1321]: Cloud-init v. 21.1-19-gbad84ad4-0ubuntu1~16.04.2 running 'modules:config' at Thu, 11 May 2023 13:20:59 +0000. Up 11.47 seconds.
[[0;32m  OK  [0m] Started Apply the settings specified in cloud-config.
         Starting Execute cloud user/final scripts...
[[0;32m  OK  [0m] Created slice User Slice of vagrant.
         Starting User Manager for UID 1000...
[[0;32m  OK  [0m] Started Session 1 of user vagrant.
[[0;32m  OK  [0m] Started User Manager for UID 1000.
ci-info: no authorized SSH keys fingerprints found for user ubuntu.
<14>May 11 13:21:01 ec2: 
<14>May 11 13:21:01 ec2: #############################################################
<14>May 11 13:21:01 ec2: -----BEGIN SSH HOST KEY FINGERPRINTS-----
<14>May 11 13:21:01 ec2: 1024 SHA256:G1rtTt2YG159uZLRHG1F4Rrmn1b/OIyoxYiwHoWcXC4 root@ubuntu-xenial (DSA)
<14>May 11 13:21:01 ec2: 256 SHA256:0RZ/yGnGtPs4Bw3jQjcTP7NHtv118pNt8p0nFCzXCf4 root@ubuntu-xenial (ECDSA)
<14>May 11 13:21:01 ec2: 256 SHA256:FQDBOHJH6e3mGMGRfL26rrq8yy3wms2blZjXH07gDOw root@ubuntu-xenial (ED25519)
<14>May 11 13:21:01 ec2: 2048 SHA256:LMAP11AWTg3B5WSNiUu//GV2yDcTLHHptMMx6wvzeek root@ubuntu-xenial (RSA)
<14>May 11 13:21:01 ec2: -----END SSH HOST KEY FINGERPRINTS-----
<14>May 11 13:21:01 ec2: #############################################################
-----BEGIN SSH HOST KEY KEYS-----
ecdsa-sha2-nistp256 AAAAE2VjZHNhLXNoYTItbmlzdHAyNTYAAAAIbmlzdHAyNTYAAABBBEEEWDg3deHgDnRYTDnCKIlA0x0F3vbDRjk0qr6Cfht+fr27CFSw51s/qUlxvXtlhqtYpVwYmlWFqNmNhERhKok= root@ubuntu-xenial
ssh-ed25519 AAAAC3NzaC1lZDI1NTE5AAAAIFYterpfCBqQNEBSubZ1uINX1vmip+hcxyo1dmSmoqSG root@ubuntu-xenial
ssh-rsa AAAAB3NzaC1yc2EAAAADAQABAAABAQDbkUGjo2uMYH9fZBsznvaEMQQkhxVKffSNmtndIF4sXFWFkCRx/W4XP2UPVATiCpRUUlqsyFXX3/wJtYAKC4QD9STqg1GYByQI2eF4hOim1C+EiAQkOD2lZ7tje6T/0fRAyYdHqZsqLz7qF6k0LskSo2EKb7Zl5wAGuavx/tcsE4xpFqeJDSV7bW5VLODnRAPFLzyiq2+XraS/5luuwMYuWJqYPKT17aVKDNkmn5JEFk9ntnH7pO3uF3jj19uW6zT1axHmtzVr1ibZNmydvWxhxoUDGBttlJmljw81eOi/4C2Jf5y0HlTmuTbyTwVPuu4Ke5HY3LI+rDV402UKykGB root@ubuntu-xenial
-----END SSH HOST KEY KEYS-----
[   13.904831] cloud-init[1365]: Cloud-init v. 21.1-19-gbad84ad4-0ubuntu1~16.04.2 running 'modules:final' at Thu, 11 May 2023 13:21:01 +0000. Up 13.59 seconds.
[   13.908137] cloud-init[1365]: ci-info: no authorized SSH keys fingerprints found for user ubuntu.
[   13.910482] cloud-init[1365]: Cloud-init v. 21.1-19-gbad84ad4-0ubuntu1~16.04.2 finished at Thu, 11 May 2023 13:21:01 +0000. Datasource DataSourceNoCloud [seed=/dev/sdb][dsmode=net].  Up 13.88 seconds
[[0;32m  OK  [0m] Started Execute cloud user/final scripts.
[[0;32m  OK  [0m] Reached target Cloud-init target.

Ubuntu 16.04.7 LTS ubuntu-xenial ttyS0

ubuntu-xenial login: 